<!--
      Copyright 2011 AKRA GmbH
   
       Licensed under the Apache License, Version 2.0 (the "License");
       you may not use this file except in compliance with the License.
       You may obtain a copy of the License at
   
           http://www.apache.org/licenses/LICENSE-2.0
   
       Unless required by applicable law or agreed to in writing, software
       distributed under the License is distributed on an "AS IS" BASIS,
       WITHOUT WARRANTIES OR CONDITIONS OF ANY KIND, either express or implied.
       See the License for the specific language governing permissions and
       limitations under the License.
 -->
CustomerService.wsdl [Artifact]
	CustomerService [PortType]
		find [Operation]
			findCustomerByIdRequest [InputMessage]
				parameters (Type: findCustomerByIdRequest) [Part]
					findCustomerByIdRequest (Type: findCustomerByIdRequest1)
						id (Type: int)
			findCustomerByIdResponse [OutputMessage]
				result (Type: findCustomerByIdResponse) [Part]
					findCustomerByIdResponse (Type: findCustomerByIdResponse1)
						customer (Type: Customer)
							id (Type: int)
							firstname (Type: string)
							lastname (Type: string)
			faultResponse [FaultMessage]
				fault (Type: faultResponse) [Part]
					faultResponse (Type: anonymous)
						faultCode (Type: int)
