wsdl_100001.wsdl [Artifact]
	TestServiceSoapPort [PortType]
		TestMethod [Operation]
			TestService.TestMethod [InputMessage]
				Mode_opt_ (Type: anyType) [Part]
			TestService.TestMethodResponse [OutputMessage]
				Result (Type: string) [Part]
				OutTime (Type: time) [Part]
				OutDate (Type: date) [Part]
