CustomerService.wsdl [Artifact]
	CustomerService [PortType]
		find [Operation]
			findCustomerByIdRequest [InputMessage]
				parameters (Type: findCustomerByIdRequest) [Part]
					findCustomerByIdRequest (Type: findCustomerByIdRequest1)
						id (Type: int)
			findCustomerByIdResponse [OutputMessage]
				result (Type: findCustomerByIdResponse) [Part]
					findCustomerByIdResponse (Type: findCustomerByIdResponse1)
						customer (Type: Customer)
							id (Type: int)
							firstname (Type: string)
							lastname (Type: string)
			faultResponse [FaultMessage]
				fault (Type: faultResponse) [Part]
					faultResponse (Type: anonymous)
						faultCode (Type: int)
